Admin@DESKTOP-92J6KDT MINGW64 ~
$ cd Desktop

Admin@DESKTOP-92J6KDT MINGW64 ~/Desktop
$ cd abrar

Admin@DESKTOP-92J6KDT MINGW64 ~/Desktop/abrar
$ git init
Initialized empty Git repository in C:/Users/Admin/Desktop/abrar/.git/

Admin@DESKTOP-92J6KDT MINGW64 ~/Desktop/abrar (master)
$ git status
On branch master

No commits yet

Untracked files:
  (use "git add <file>..." to include in what will be committed)
        sample.txt

nothing added to commit but untracked files present (use "git add" to track)

Admin@DESKTOP-92J6KDT MINGW64 ~/Desktop/abrar (master)
$ git add sample.txt

Admin@DESKTOP-92J6KDT MINGW64 ~/Desktop/abrar (master)
$ git status
On branch master

No commits yet

Changes to be committed:
  (use "git rm --cached <file>..." to unstage)
        new file:   sample.txt


Admin@DESKTOP-92J6KDT MINGW64 ~/Desktop/abrar (master)
$ git commit -m 'I am done'
Author identity unknown

*** Please tell me who you are.

Run

  git config --global user.email "you@example.com"
  git config --global user.name "Your Name"

to set your account's default identity.
Omit --global to set the identity only in this repository.

fatal: unable to auto-detect email address (got 'Admin@DESKTOP-92J6KDT.(none)')

Admin@DESKTOP-92J6KDT MINGW64 ~/Desktop/abrar (master)
$ git commit -m "I am done"
Author identity unknown

*** Please tell me who you are.

Run

  git config --global user.email "you@example.com"
  git config --global user.name "Your Name"

to set your account's default identity.
Omit --global to set the identity only in this repository.

fatal: unable to auto-detect email address (got 'Admin@DESKTOP-92J6KDT.(none)')

Admin@DESKTOP-92J6KDT MINGW64 ~/Desktop/abrar (master)
$ ^C

Admin@DESKTOP-92J6KDT MINGW64 ~/Desktop/abrar (master)
$ git config --global user.email "you@example.com"

Admin@DESKTOP-92J6KDT MINGW64 ~/Desktop/abrar (master)
$ git config --global user.email "abrarahmedsoudagar@gmail.com"

Admin@DESKTOP-92J6KDT MINGW64 ~/Desktop/abrar (master)
$ git config --global user.name "Abrar"

Admin@DESKTOP-92J6KDT MINGW64 ~/Desktop/abrar (master)
$ git commit -m "I am done"
[master (root-commit) 82d2d6e] I am done
 1 file changed, 1 insertion(+)
 create mode 100644 sample.txt

Admin@DESKTOP-92J6KDT MINGW64 ~/Desktop/abrar (master)
$ git remote add origin https://github.com/abrar-soudagar/devops

Admin@DESKTOP-92J6KDT MINGW64 ~/Desktop/abrar (master)
$ git push
fatal: The current branch master has no upstream branch.
To push the current branch and set the remote as upstream, use

    git push --set-upstream origin master


Admin@DESKTOP-92J6KDT MINGW64 ~/Desktop/abrar (master)
$ ^C

Admin@DESKTOP-92J6KDT MINGW64 ~/Desktop/abrar (master)
$ git push --set-upstream origin master
Enumerating objects: 3, done.
Counting objects: 100% (3/3), done.
Writing objects: 100% (3/3), 236 bytes | 118.00 KiB/s, done.
Total 3 (delta 0), reused 0 (delta 0), pack-reused 0
To https://github.com/abrar-soudagar/devops
 * [new branch]      master -> master
Branch 'master' set up to track remote branch 'master' from 'origin'.

Admin@DESKTOP-92J6KDT MINGW64 ~/Desktop/abrar (master)
$
